[0m03:06:32.210890 [debug] [MainThread]: Sending event: {'category': 'dbt', 'action': 'invocation', 'label': 'start', 'context': [<snowplow_tracker.self_describing_json.SelfDescribingJson object at 0x00000257C7D65550>, <snowplow_tracker.self_describing_json.SelfDescribingJson object at 0x00000257CADA8D10>, <snowplow_tracker.self_describing_json.SelfDescribingJson object at 0x00000257CB562D80>]}


============================== 03:06:32.214739 | 82fa21d1-947b-40d7-bd0c-3e2376f70476 ==============================
[0m03:06:32.214739 [info ] [MainThread]: Running with dbt=1.12.0
[0m03:06:32.214739 [debug] [MainThread]: running dbt with arguments {'maximum_seed_size_mib': '1', 'no_print': 'None', 'version_check': 'True', 'warn_error_options': 'WarnErrorOptionsV2(error=[], warn=[], silence=[])', 'target_path': 'None', 'static_parser': 'True', 'printer_width': '80', 'write_json': 'True', 'introspect': 'True', 'log_cache_events': 'False', 'empty': 'None', 'cache_selected_only': 'False', 'log_format': 'default', 'debug': 'False', 'fail_fast': 'False', 'profiles_dir': 'C:\\Users\\moham\\.dbt', 'send_anonymous_usage_stats': 'True', 'quiet': 'False', 'warn_error': 'None', 'partial_parse': 'True', 'use_colors': 'True', 'hints_enabled': 'True', 'indirect_selection': 'eager', 'use_experimental_parser': 'False', 'invocation_command': 'dbt init', 'log_path': 'logs'}
[0m03:06:50.823383 [debug] [MainThread]: Starter project path: C:\Users\moham\AppData\Local\Programs\Python\Python312\Lib\site-packages\dbt\include\starter_project
[0m03:06:50.927507 [info ] [MainThread]: Setting up your profile.
[0m03:07:09.118499 [debug] [MainThread]: Snowflake adapter: Setting snowflake.connector to ERROR (file logging only)
[0m03:07:09.121206 [debug] [MainThread]: Snowflake adapter: Setting botocore to ERROR (file logging only)
[0m03:07:09.122844 [debug] [MainThread]: Snowflake adapter: Setting boto3 to ERROR (file logging only)
[0m03:13:55.326185 [info ] [MainThread]: Profile spotify_dbt written to C:\Users\moham\.dbt\profiles.yml using target's profile_template.yml and your supplied values.
[0m03:13:55.337716 [info ] [MainThread]: Running dbt debug to validate the project...
[0m03:13:55.347488 [info ] [MainThread]: dbt version: 1.12.0
[0m03:13:55.348196 [info ] [MainThread]: python version: 3.12.0
[0m03:13:55.350212 [info ] [MainThread]: python path: C:\Users\moham\AppData\Local\Programs\Python\Python312\python.exe
[0m03:13:55.351691 [info ] [MainThread]: os info: Windows-11-10.0.26200-SP0
[0m03:13:55.528412 [info ] [MainThread]: Using profiles dir at C:\Users\moham\.dbt
[0m03:13:55.528412 [info ] [MainThread]: Using profiles.yml file at C:\Users\moham\.dbt\profiles.yml
[0m03:13:55.528412 [info ] [MainThread]: Using dbt_project.yml file at C:\Users\moham\spotify-mds-project\spotify_dbt\spotify_dbt\dbt_project.yml
[0m03:13:55.528412 [info ] [MainThread]: adapter type: snowflake
[0m03:13:55.528412 [info ] [MainThread]: adapter version: 1.12.0
[0m03:13:55.671568 [info ] [MainThread]: Configuration:
[0m03:13:55.671568 [info ] [MainThread]:   profiles.yml file [[32mOK found and valid[0m]
[0m03:13:55.674746 [info ] [MainThread]:   dbt_project.yml file [[32mOK found and valid[0m]
[0m03:13:55.674746 [info ] [MainThread]: Required dependencies:
[0m03:13:55.675860 [debug] [MainThread]: Executing "git --help"
[0m03:13:55.741631 [debug] [MainThread]: STDOUT: "b"usage: git [-v | --version] [-h | --help] [-C <path>] [-c <name>=<value>]\n           [--exec-path[=<path>]] [--html-path] [--man-path] [--info-path]\n           [-p | --paginate | -P | --no-pager] [--no-replace-objects] [--no-lazy-fetch]\n           [--no-optional-locks] [--no-advice] [--bare] [--git-dir=<path>]\n           [--work-tree=<path>] [--namespace=<name>] [--config-env=<name>=<envvar>]\n           <command> [<args>]\n\nThese are common Git commands used in various situations:\n\nstart a working area (see also: git help tutorial)\n   clone      Clone a repository into a new directory\n   init       Create an empty Git repository or reinitialize an existing one\n\nwork on the current change (see also: git help everyday)\n   add        Add file contents to the index\n   mv         Move or rename a file, a directory, or a symlink\n   restore    Restore working tree files\n   rm         Remove files from the working tree and from the index\n\nexamine the history and state (see also: git help revisions)\n   bisect     Use binary search to find the commit that introduced a bug\n   diff       Show changes between commits, commit and working tree, etc\n   grep       Print lines matching a pattern\n   log        Show commit logs\n   show       Show various types of objects\n   status     Show the working tree status\n\ngrow, mark and tweak your common history\n   backfill   Download missing objects in a partial clone\n   branch     List, create, or delete branches\n   commit     Record changes to the repository\n   merge      Join two or more development histories together\n   rebase     Reapply commits on top of another base tip\n   reset      Reset current HEAD to the specified state\n   switch     Switch branches\n   tag        Create, list, delete or verify tags\n\ncollaborate (see also: git help workflows)\n   fetch      Download objects and refs from another repository\n   pull       Fetch from and integrate with another repository or a local branch\n   push       Update remote refs along with associated objects\n\n'git help -a' and 'git help -g' list available subcommands and some\nconcept guides. See 'git help <command>' or 'git help <concept>'\nto read about a specific subcommand or concept.\nSee 'git help git' for an overview of the system.\n""
[0m03:13:55.742631 [debug] [MainThread]: STDERR: "b''"
[0m03:13:55.742631 [info ] [MainThread]:  - git [[32mOK found[0m]

[0m03:13:55.744137 [info ] [MainThread]: Connection:
[0m03:13:55.744137 [info ] [MainThread]:   account: RCZJHXV-NI39894
[0m03:13:55.745147 [info ] [MainThread]:   user: ANSARI92
[0m03:13:55.745835 [info ] [MainThread]:   database: SPOTIFY_DB
[0m03:13:55.746495 [info ] [MainThread]:   warehouse: COMPUTE_WH
[0m03:13:55.746495 [info ] [MainThread]:   role: ACCOUNTADMIN
[0m03:13:55.747572 [info ] [MainThread]:   schema: transform
[0m03:13:55.747572 [info ] [MainThread]:   authenticator: None
[0m03:13:55.748617 [info ] [MainThread]:   oauth_client_id: None
[0m03:13:55.748617 [info ] [MainThread]:   query_tag: None
[0m03:13:55.749616 [info ] [MainThread]:   client_session_keep_alive: False
[0m03:13:55.750255 [info ] [MainThread]:   host: None
[0m03:13:55.750255 [info ] [MainThread]:   port: None
[0m03:13:55.751715 [info ] [MainThread]:   proxy_host: None
[0m03:13:55.751715 [info ] [MainThread]:   proxy_port: None
[0m03:13:55.752715 [info ] [MainThread]:   protocol: None
[0m03:13:55.752715 [info ] [MainThread]:   connect_retries: 1
[0m03:13:55.752715 [info ] [MainThread]:   connect_timeout: None
[0m03:13:55.752715 [info ] [MainThread]:   retry_on_database_errors: False
[0m03:13:55.754259 [info ] [MainThread]:   retry_all: False
[0m03:13:55.755268 [info ] [MainThread]:   insecure_mode: False
[0m03:13:55.755268 [info ] [MainThread]:   reuse_connections: True
[0m03:13:55.755268 [info ] [MainThread]:   s3_stage_vpce_dns_name: None
[0m03:13:55.756668 [info ] [MainThread]:   workload_identity_provider: None
[0m03:13:55.756668 [info ] [MainThread]:   workload_identity_entra_resource: None
[0m03:13:55.757679 [info ] [MainThread]:   platform_detection_timeout_seconds: 0.0
[0m03:13:55.758707 [info ] [MainThread]: Registered adapter: snowflake=1.12.0
[0m03:13:56.688493 [debug] [MainThread]: Acquiring new snowflake connection 'debug'
[0m03:13:56.699764 [debug] [MainThread]: Using snowflake connection "debug"
[0m03:13:56.699764 [debug] [MainThread]: On debug: select 1 as id
[0m03:13:56.699764 [debug] [MainThread]: Opening a new connection, currently in state init
[0m03:14:02.994161 [debug] [MainThread]: SQL status: SUCCESS 1 in 6.293 seconds
[0m03:14:02.996591 [info ] [MainThread]:   Connection test: [[32mOK connection ok[0m]

[0m03:14:02.997441 [info ] [MainThread]: [32mAll checks passed![0m
[0m03:14:02.998696 [info ] [MainThread]: Your new dbt project "spotify_dbt" was created!
Initialized new project in C:\Users\moham\spotify-mds-project\spotify_dbt\spotify_dbt\spotify_dbt

For more information on how to configure the profiles.yml file,
please consult the dbt documentation here:

  https://docs.getdbt.com/docs/configure-your-profile

One more thing:

Need help? Don't hesitate to reach out to us via GitHub issues or on Slack:

  https://community.getdbt.com/

Happy modeling!

[0m03:14:03.001163 [debug] [MainThread]: Command `dbt init` succeeded at 03:14:03.001163 after 451.02 seconds
[0m03:14:03.002176 [debug] [MainThread]: Connection 'debug' was left open.
[0m03:14:03.003176 [debug] [MainThread]: On debug: Close
[0m03:14:03.346070 [debug] [MainThread]: Sending event: {'category': 'dbt', 'action': 'invocation', 'label': 'end', 'context': [<snowplow_tracker.self_describing_json.SelfDescribingJson object at 0x00000257CBC4D460>, <snowplow_tracker.self_describing_json.SelfDescribingJson object at 0x00000257CD088050>, <snowplow_tracker.self_describing_json.SelfDescribingJson object at 0x00000257DDC376B0>]}
[0m03:14:03.356668 [debug] [MainThread]: Flushing usage events
[0m03:14:05.092810 [debug] [MainThread]: An error was encountered while trying to flush usage events
