[2026-08-30T21:00:04.610+0000] {local_task_job_runner.py:120} INFO - ::group::Pre task execution logs
[2026-08-30T21:00:04.653+0000] {taskinstance.py:2076} INFO - Dependencies all met for dep_context=non-requeueable deps ti=<TaskInstance: spotify_minio_to_snowflake_bronze.extract_data scheduled__2026-08-30T20:00:00+00:00 [queued]>
[2026-08-30T21:00:04.662+0000] {taskinstance.py:2076} INFO - Dependencies all met for dep_context=requeueable deps ti=<TaskInstance: spotify_minio_to_snowflake_bronze.extract_data scheduled__2026-08-30T20:00:00+00:00 [queued]>
[2026-08-30T21:00:04.663+0000] {taskinstance.py:2306} INFO - Starting attempt 1 of 2
[2026-08-30T21:00:04.678+0000] {taskinstance.py:2330} INFO - Executing <Task(PythonOperator): extract_data> on 2026-08-30 20:00:00+00:00
[2026-08-30T21:00:04.692+0000] {standard_task_runner.py:90} INFO - Running: ['airflow', 'tasks', 'run', 'spotify_minio_to_snowflake_bronze', 'extract_data', 'scheduled__2026-08-30T20:00:00+00:00', '--job-id', '13', '--raw', '--subdir', 'DAGS_FOLDER/minio-to-kafka.py', '--cfg-path', '/tmp/tmp2rr3sv_x']
[2026-08-30T21:00:04.695+0000] {standard_task_runner.py:91} INFO - Job 13: Subtask extract_data
[2026-08-30T21:00:04.696+0000] {logging_mixin.py:188} WARNING - /home/airflow/.local/lib/python3.12/site-packages/airflow/task/task_runner/standard_task_runner.py:62 DeprecationWarning: This process (pid=1661) is multi-threaded, use of fork() may lead to deadlocks in the child.
[2026-08-30T21:00:04.698+0000] {standard_task_runner.py:64} INFO - Started process 1671 to run task
[2026-08-30T21:00:04.796+0000] {task_command.py:426} INFO - Running <TaskInstance: spotify_minio_to_snowflake_bronze.extract_data scheduled__2026-08-30T20:00:00+00:00 [running]> on host db1dda47a602
[2026-08-30T21:00:04.921+0000] {taskinstance.py:2648} INFO - Exporting env vars: AIRFLOW_CTX_DAG_OWNER='airflow' AIRFLOW_CTX_DAG_ID='spotify_minio_to_snowflake_bronze' AIRFLOW_CTX_TASK_ID='extract_data' AIRFLOW_CTX_EXECUTION_DATE='2026-08-30T20:00:00+00:00' AIRFLOW_CTX_TRY_NUMBER='1' AIRFLOW_CTX_DAG_RUN_ID='scheduled__2026-08-30T20:00:00+00:00'
[2026-08-30T21:00:04.924+0000] {taskinstance.py:430} INFO - ::endgroup::
[2026-08-30T21:00:05.261+0000] {logging_mixin.py:188} INFO - ✅ Extracted 200 events from MinIO and saved to /tmp/spotify_raw.json
[2026-08-30T21:00:05.262+0000] {python.py:237} INFO - Done. Returned value was: /tmp/spotify_raw.json
[2026-08-30T21:00:05.263+0000] {taskinstance.py:441} INFO - ::group::Post task execution logs
[2026-08-30T21:00:06.104+0000] {taskinstance.py:1206} INFO - Marking task as SUCCESS. dag_id=spotify_minio_to_snowflake_bronze, task_id=extract_data, run_id=scheduled__2026-08-30T20:00:00+00:00, execution_date=20260830T200000, start_date=20260830T210004, end_date=20260830T210006
[2026-08-30T21:00:06.161+0000] {local_task_job_runner.py:243} INFO - Task exited with return code 0
[2026-08-30T21:00:06.214+0000] {taskinstance.py:3503} INFO - 1 downstream tasks scheduled from follow-on schedule check
[2026-08-30T21:00:06.218+0000] {local_task_job_runner.py:222} INFO - ::endgroup::
[2026-08-30T21:11:34.639+0000] {local_task_job_runner.py:120} INFO - ::group::Pre task execution logs
[2026-08-30T21:11:34.682+0000] {taskinstance.py:2076} INFO - Dependencies all met for dep_context=non-requeueable deps ti=<TaskInstance: spotify_minio_to_snowflake_bronze.extract_data scheduled__2026-08-30T20:00:00+00:00 [queued]>
[2026-08-30T21:11:34.690+0000] {taskinstance.py:2076} INFO - Dependencies all met for dep_context=requeueable deps ti=<TaskInstance: spotify_minio_to_snowflake_bronze.extract_data scheduled__2026-08-30T20:00:00+00:00 [queued]>
[2026-08-30T21:11:34.692+0000] {taskinstance.py:2306} INFO - Starting attempt 1 of 2
[2026-08-30T21:11:34.706+0000] {taskinstance.py:2330} INFO - Executing <Task(PythonOperator): extract_data> on 2026-08-30 20:00:00+00:00
[2026-08-30T21:11:34.753+0000] {logging_mixin.py:188} WARNING - /home/airflow/.local/lib/python3.12/site-packages/airflow/task/task_runner/standard_task_runner.py:62 DeprecationWarning: This process (pid=1821) is multi-threaded, use of fork() may lead to deadlocks in the child.
[2026-08-30T21:11:34.749+0000] {standard_task_runner.py:90} INFO - Running: ['airflow', 'tasks', 'run', 'spotify_minio_to_snowflake_bronze', 'extract_data', 'scheduled__2026-08-30T20:00:00+00:00', '--job-id', '16', '--raw', '--subdir', 'DAGS_FOLDER/minio-to-kafka.py', '--cfg-path', '/tmp/tmp9ek3aomp']
[2026-08-30T21:11:34.754+0000] {standard_task_runner.py:64} INFO - Started process 1831 to run task
[2026-08-30T21:11:34.755+0000] {standard_task_runner.py:91} INFO - Job 16: Subtask extract_data
[2026-08-30T21:11:34.866+0000] {task_command.py:426} INFO - Running <TaskInstance: spotify_minio_to_snowflake_bronze.extract_data scheduled__2026-08-30T20:00:00+00:00 [running]> on host db1dda47a602
[2026-08-30T21:11:34.985+0000] {taskinstance.py:2648} INFO - Exporting env vars: AIRFLOW_CTX_DAG_OWNER='airflow' AIRFLOW_CTX_DAG_ID='spotify_minio_to_snowflake_bronze' AIRFLOW_CTX_TASK_ID='extract_data' AIRFLOW_CTX_EXECUTION_DATE='2026-08-30T20:00:00+00:00' AIRFLOW_CTX_TRY_NUMBER='1' AIRFLOW_CTX_DAG_RUN_ID='scheduled__2026-08-30T20:00:00+00:00'
[2026-08-30T21:11:34.987+0000] {taskinstance.py:430} INFO - ::endgroup::
[2026-08-30T21:11:36.534+0000] {logging_mixin.py:188} INFO - ✅ Extracted 200 events from MinIO and saved to /tmp/spotify_raw.json
[2026-08-30T21:11:36.537+0000] {python.py:237} INFO - Done. Returned value was: /tmp/spotify_raw.json
[2026-08-30T21:11:36.538+0000] {taskinstance.py:441} INFO - ::group::Post task execution logs
[2026-08-30T21:11:39.139+0000] {taskinstance.py:1206} INFO - Marking task as SUCCESS. dag_id=spotify_minio_to_snowflake_bronze, task_id=extract_data, run_id=scheduled__2026-08-30T20:00:00+00:00, execution_date=20260830T200000, start_date=20260830T211134, end_date=20260830T211139
[2026-08-30T21:11:39.180+0000] {local_task_job_runner.py:243} INFO - Task exited with return code 0
[2026-08-30T21:11:39.206+0000] {taskinstance.py:3503} INFO - 1 downstream tasks scheduled from follow-on schedule check
[2026-08-30T21:11:39.210+0000] {local_task_job_runner.py:222} INFO - ::endgroup::
