[2026-08-30T20:04:57.096+0000] {local_task_job_runner.py:120} INFO - ::group::Pre task execution logs
[2026-08-30T20:04:57.157+0000] {taskinstance.py:2076} INFO - Dependencies all met for dep_context=non-requeueable deps ti=<TaskInstance: spotify_minio_to_snowflake_bronze.extract_data scheduled__2026-08-30T18:00:00+00:00 [queued]>
[2026-08-30T20:04:57.166+0000] {taskinstance.py:2076} INFO - Dependencies all met for dep_context=requeueable deps ti=<TaskInstance: spotify_minio_to_snowflake_bronze.extract_data scheduled__2026-08-30T18:00:00+00:00 [queued]>
[2026-08-30T20:04:57.167+0000] {taskinstance.py:2306} INFO - Starting attempt 2 of 2
[2026-08-30T20:04:57.183+0000] {taskinstance.py:2330} INFO - Executing <Task(PythonOperator): extract_data> on 2026-08-30 18:00:00+00:00
[2026-08-30T20:04:57.238+0000] {standard_task_runner.py:90} INFO - Running: ['airflow', 'tasks', 'run', 'spotify_minio_to_snowflake_bronze', 'extract_data', 'scheduled__2026-08-30T18:00:00+00:00', '--job-id', '6', '--raw', '--subdir', 'DAGS_FOLDER/minio-to-kafka.py', '--cfg-path', '/tmp/tmpv946w_o5']
[2026-08-30T20:04:57.275+0000] {standard_task_runner.py:91} INFO - Job 6: Subtask extract_data
[2026-08-30T20:04:57.281+0000] {logging_mixin.py:188} WARNING - /home/airflow/.local/lib/python3.12/site-packages/airflow/task/task_runner/standard_task_runner.py:62 DeprecationWarning: This process (pid=1239) is multi-threaded, use of fork() may lead to deadlocks in the child.
[2026-08-30T20:04:57.283+0000] {standard_task_runner.py:64} INFO - Started process 1249 to run task
[2026-08-30T20:04:57.830+0000] {task_command.py:426} INFO - Running <TaskInstance: spotify_minio_to_snowflake_bronze.extract_data scheduled__2026-08-30T18:00:00+00:00 [running]> on host db1dda47a602
[2026-08-30T20:04:58.307+0000] {taskinstance.py:2648} INFO - Exporting env vars: AIRFLOW_CTX_DAG_OWNER='airflow' AIRFLOW_CTX_DAG_ID='spotify_minio_to_snowflake_bronze' AIRFLOW_CTX_TASK_ID='extract_data' AIRFLOW_CTX_EXECUTION_DATE='2026-08-30T18:00:00+00:00' AIRFLOW_CTX_TRY_NUMBER='2' AIRFLOW_CTX_DAG_RUN_ID='scheduled__2026-08-30T18:00:00+00:00'
[2026-08-30T20:04:58.312+0000] {taskinstance.py:430} INFO - ::endgroup::
[2026-08-30T20:04:59.460+0000] {taskinstance.py:441} INFO - ::group::Post task execution logs
[2026-08-30T20:04:59.462+0000] {taskinstance.py:2905} ERROR - Task failed with exception
Traceback (most recent call last):
  File "/home/airflow/.local/lib/python3.12/site-packages/airflow/models/taskinstance.py", line 465, in _execute_task
    result = _execute_callable(context=context, **execute_callable_kwargs)
             ^^^^^^^^^^^^^^^^^^^^^^^^^^^^^^^^^^^^^^^^^^^^^^^^^^^^^^^^^^^^^
  File "/home/airflow/.local/lib/python3.12/site-packages/airflow/models/taskinstance.py", line 432, in _execute_callable
    return execute_callable(context=context, **execute_callable_kwargs)
           ^^^^^^^^^^^^^^^^^^^^^^^^^^^^^^^^^^^^^^^^^^^^^^^^^^^^^^^^^^^^
  File "/home/airflow/.local/lib/python3.12/site-packages/airflow/models/baseoperator.py", line 401, in wrapper
    return func(self, *args, **kwargs)
           ^^^^^^^^^^^^^^^^^^^^^^^^^^^
  File "/home/airflow/.local/lib/python3.12/site-packages/airflow/operators/python.py", line 235, in execute
    return_value = self.execute_callable()
                   ^^^^^^^^^^^^^^^^^^^^^^^
  File "/home/airflow/.local/lib/python3.12/site-packages/airflow/operators/python.py", line 252, in execute_callable
    return self.python_callable(*self.op_args, **self.op_kwargs)
           ^^^^^^^^^^^^^^^^^^^^^^^^^^^^^^^^^^^^^^^^^^^^^^^^^^^^^
  File "/opt/airflow/dags/minio-to-kafka.py", line 50, in extract_from_minio
    response = s3.list_objects_v2(Bucket=MINIO_BUCKET, Prefix=MINIO_PREFIX)
               ^^^^^^^^^^^^^^^^^^^^^^^^^^^^^^^^^^^^^^^^^^^^^^^^^^^^^^^^^^^^
  File "/home/airflow/.local/lib/python3.12/site-packages/botocore/client.py", line 565, in _api_call
    return self._make_api_call(operation_name, kwargs)
           ^^^^^^^^^^^^^^^^^^^^^^^^^^^^^^^^^^^^^^^^^^^
  File "/home/airflow/.local/lib/python3.12/site-packages/botocore/client.py", line 1021, in _make_api_call
    raise error_class(parsed_response, operation_name)
botocore.exceptions.ClientError: An error occurred (InvalidAccessKeyId) when calling the ListObjectsV2 operation: The Access Key Id you provided does not exist in our records.
[2026-08-30T20:04:59.505+0000] {taskinstance.py:1206} INFO - Marking task as FAILED. dag_id=spotify_minio_to_snowflake_bronze, task_id=extract_data, run_id=scheduled__2026-08-30T18:00:00+00:00, execution_date=20260830T180000, start_date=20260830T200457, end_date=20260830T200459
[2026-08-30T20:04:59.528+0000] {standard_task_runner.py:110} ERROR - Failed to execute job 6 for task extract_data (An error occurred (InvalidAccessKeyId) when calling the ListObjectsV2 operation: The Access Key Id you provided does not exist in our records.; 1249)
[2026-08-30T20:04:59.562+0000] {local_task_job_runner.py:243} INFO - Task exited with return code 1
[2026-08-30T20:04:59.622+0000] {taskinstance.py:3503} INFO - 0 downstream tasks scheduled from follow-on schedule check
[2026-08-30T20:04:59.628+0000] {local_task_job_runner.py:222} INFO - ::endgroup::
